Vivado Simulator v2025.2
Copyright 1986-2022 Xilinx, Inc. All Rights Reserved.
Copyright 2022-2025 Advanced Micro Devices, Inc. All Rights Reserved.
Running: C:/AMDDesignTools/2025.2/Vivado/bin/unwrapped/win64.o/xelab.exe --incr --debug typical --relax --mt 2 -L xil_defaultlib -L unisims_ver -L unimacro_ver -L secureip --snapshot fif0_tb_behav xil_defaultlib.fif0_tb xil_defaultlib.glbl -log elaborate.log 
Using 2 slave threads.
Starting static elaboration
Pass Through NonSizing Optimizer
Completed static elaboration
Starting simulation data flow analysis
WARNING: [XSIM 43-4099] "C:/Users/Admin/Desktop/New folder/NEW_SYNCHRONOUS_FIFO/NEW_SYNCHRONOUS_FIFO.srcs/sources_1/new/fifo_mem.v" Line 23. Module fifo_mem doesn't have a timescale but at least one module in design has a timescale.
Completed simulation data flow analysis
Time Resolution for simulation is 1ps
Compiling module xil_defaultlib.synchronizer
Compiling module xil_defaultlib.wptr_handler
Compiling module xil_defaultlib.rptr_handler
Compiling module xil_defaultlib.fifo_mem
Compiling module xil_defaultlib.fifo_top
Compiling module xil_defaultlib.fif0_tb
Compiling module xil_defaultlib.glbl
Built simulation snapshot fif0_tb_behav
